python : test_agent_initialization 
(MuZero.test_integration.TestMuZeroIntegration) ... ok
Au caractère Ligne:1 : 27
+ ... \activate ; python -m unittest -v 
MuZero.test_integration 2>&1 | Tee- ...
+                 
~~~~~~~~~~~~~~~~~~~~~~~~~~~~~~~~~~~~~~~~~~~~~~~~~~
    + CategoryInfo          : NotSpecified: (test_agent_in 
   it...gration) ... ok:String) [], RemoteException
    + FullyQualifiedErrorId : NativeCommandError
 
test_self_play 
(MuZero.test_integration.TestMuZeroIntegration) ... ERROR
test_training_step 
(MuZero.test_integration.TestMuZeroIntegration) ... ERROR

===========================================================
===========
ERROR: test_self_play 
(MuZero.test_integration.TestMuZeroIntegration)
-----------------------------------------------------------
-----------
Traceback (most recent call last):
  File 
"C:\Users\nandi\Desktop\test\MuZero\test_integration.py", 
line 54, in test_self_play
    reward = agent.play_game(env)
  File "C:\Users\nandi\Desktop\test\MuZero\agent.py", line 
35, in play_game
    root = mcts.run(root_state, add_exploration_noise=True)
  File 
"C:\Users\nandi\Desktop\test\MuZero\muzero_mcts.py", line 
91, in run
    network_output = self.network.recurrent_inference(
  File 
"C:\Users\nandi\Desktop\test\MuZero\muzero_network.py", 
line 118, in recurrent_inference
    next_hidden_state, reward = 
self.dynamics(hidden_state, action)
  File "C:\Users\nandi\Desktop\test\venv\lib\site-packages\
torch\nn\modules\module.py", line 1775, in 
_wrapped_call_impl
    return self._call_impl(*args, **kwargs)
  File "C:\Users\nandi\Desktop\test\venv\lib\site-packages\
torch\nn\modules\module.py", line 1786, in _call_impl
    return forward_call(*args, **kwargs)
  File 
"C:\Users\nandi\Desktop\test\MuZero\muzero_network.py", 
line 62, in forward
    common_out = self.common(x)
  File "C:\Users\nandi\Desktop\test\venv\lib\site-packages\
torch\nn\modules\module.py", line 1775, in 
_wrapped_call_impl
    return self._call_impl(*args, **kwargs)
  File "C:\Users\nandi\Desktop\test\venv\lib\site-packages\
torch\nn\modules\module.py", line 1786, in _call_impl
    return forward_call(*args, **kwargs)
  File "C:\Users\nandi\Desktop\test\venv\lib\site-packages\
torch\nn\modules\container.py", line 250, in forward
    input = module(input)
  File "C:\Users\nandi\Desktop\test\venv\lib\site-packages\
torch\nn\modules\module.py", line 1775, in 
_wrapped_call_impl
    return self._call_impl(*args, **kwargs)
  File "C:\Users\nandi\Desktop\test\venv\lib\site-packages\
torch\nn\modules\module.py", line 1786, in _call_impl
    return forward_call(*args, **kwargs)
  File "C:\Users\nandi\Desktop\test\venv\lib\site-packages\
torch\nn\modules\linear.py", line 134, in forward
    return F.linear(input, self.weight, self.bias)
RuntimeError: mat1 and mat2 shapes cannot be multiplied 
(1x65 and 69x256)

===========================================================
===========
ERROR: test_training_step 
(MuZero.test_integration.TestMuZeroIntegration)
-----------------------------------------------------------
-----------
Traceback (most recent call last):
  File 
"C:\Users\nandi\Desktop\test\MuZero\test_integration.py", 
line 67, in test_training_step
    agent.play_game(env)
  File "C:\Users\nandi\Desktop\test\MuZero\agent.py", line 
35, in play_game
    root = mcts.run(root_state, add_exploration_noise=True)
  File 
"C:\Users\nandi\Desktop\test\MuZero\muzero_mcts.py", line 
91, in run
    network_output = self.network.recurrent_inference(
  File 
"C:\Users\nandi\Desktop\test\MuZero\muzero_network.py", 
line 118, in recurrent_inference
    next_hidden_state, reward = 
self.dynamics(hidden_state, action)
  File "C:\Users\nandi\Desktop\test\venv\lib\site-packages\
torch\nn\modules\module.py", line 1775, in 
_wrapped_call_impl
    return self._call_impl(*args, **kwargs)
  File "C:\Users\nandi\Desktop\test\venv\lib\site-packages\
torch\nn\modules\module.py", line 1786, in _call_impl
    return forward_call(*args, **kwargs)
  File 
"C:\Users\nandi\Desktop\test\MuZero\muzero_network.py", 
line 62, in forward
    common_out = self.common(x)
  File "C:\Users\nandi\Desktop\test\venv\lib\site-packages\
torch\nn\modules\module.py", line 1775, in 
_wrapped_call_impl
    return self._call_impl(*args, **kwargs)
  File "C:\Users\nandi\Desktop\test\venv\lib\site-packages\
torch\nn\modules\module.py", line 1786, in _call_impl
    return forward_call(*args, **kwargs)
  File "C:\Users\nandi\Desktop\test\venv\lib\site-packages\
torch\nn\modules\container.py", line 250, in forward
    input = module(input)
  File "C:\Users\nandi\Desktop\test\venv\lib\site-packages\
torch\nn\modules\module.py", line 1775, in 
_wrapped_call_impl
    return self._call_impl(*args, **kwargs)
  File "C:\Users\nandi\Desktop\test\venv\lib\site-packages\
torch\nn\modules\module.py", line 1786, in _call_impl
    return forward_call(*args, **kwargs)
  File "C:\Users\nandi\Desktop\test\venv\lib\site-packages\
torch\nn\modules\linear.py", line 134, in forward
    return F.linear(input, self.weight, self.bias)
RuntimeError: mat1 and mat2 shapes cannot be multiplied 
(1x65 and 69x256)

-----------------------------------------------------------
-----------
Ran 3 tests in 0.076s

FAILED (errors=2)
